Starting a Gradle Daemon, 1 busy and 4 stopped Daemons could not be reused, use --status for details
> Task :compileJava UP-TO-DATE
> Task :processResources UP-TO-DATE
> Task :classes UP-TO-DATE
> Task :resolveMainClassName UP-TO-DATE

> Task :bootRun

  .   ____          _            __ _ _
 /\\ / ___'_ __ _ _(_)_ __  __ _ \ \ \ \
( ( )\___ | '_ | '_| | '_ \/ _` | \ \ \ \
 \\/  ___)| |_)| | | | | || (_| |  ) ) ) )
  '  |____| .__|_| |_|_| |_\__, | / / / /
 =========|_|==============|___/=/_/_/_/

 :: Spring Boot ::                (v3.5.5)

2025-09-30T12:53:52.664+09:00  INFO 29496 --- [tbc] [           main] com.tbc.TbcApplication                   : Starting TbcApplication using Java 21.0.7 with PID 29496 (/Users/ahndu/dev/project/team-tbc/tbc-back/build/classes/java/main started by ahndu in /Users/ahndu/dev/project/team-tbc/tbc-back)
2025-09-30T12:53:52.666+09:00  INFO 29496 --- [tbc] [           main] com.tbc.TbcApplication                   : No active profile set, falling back to 1 default profile: "default"
2025-09-30T12:53:53.271+09:00  INFO 29496 --- [tbc] [           main] .s.d.r.c.RepositoryConfigurationDelegate : Bootstrapping Spring Data JPA repositories in DEFAULT mode.
2025-09-30T12:53:53.339+09:00  INFO 29496 --- [tbc] [           main] .s.d.r.c.RepositoryConfigurationDelegate : Finished Spring Data repository scanning in 62 ms. Found 17 JPA repository interfaces.
2025-09-30T12:53:53.677+09:00  INFO 29496 --- [tbc] [           main] o.s.b.w.embedded.tomcat.TomcatWebServer  : Tomcat initialized with port 8080 (http)
2025-09-30T12:53:53.685+09:00  INFO 29496 --- [tbc] [           main] o.apache.catalina.core.StandardService   : Starting service [Tomcat]
2025-09-30T12:53:53.685+09:00  INFO 29496 --- [tbc] [           main] o.apache.catalina.core.StandardEngine    : Starting Servlet engine: [Apache Tomcat/10.1.44]
2025-09-30T12:53:53.711+09:00  INFO 29496 --- [tbc] [           main] o.a.c.c.C.[Tomcat].[localhost].[/]       : Initializing Spring embedded WebApplicationContext
2025-09-30T12:53:53.711+09:00  INFO 29496 --- [tbc] [           main] w.s.c.ServletWebServerApplicationContext : Root WebApplicationContext: initialization completed in 1024 ms
2025-09-30T12:53:53.864+09:00  INFO 29496 --- [tbc] [           main] o.hibernate.jpa.internal.util.LogHelper  : HHH000204: Processing PersistenceUnitInfo [name: default]
2025-09-30T12:53:53.898+09:00  INFO 29496 --- [tbc] [           main] org.hibernate.Version                    : HHH000412: Hibernate ORM core version 6.6.26.Final
2025-09-30T12:53:53.915+09:00  INFO 29496 --- [tbc] [           main] o.h.c.internal.RegionFactoryInitiator    : HHH000026: Second-level cache disabled
2025-09-30T12:53:54.048+09:00  INFO 29496 --- [tbc] [           main] o.s.o.j.p.SpringPersistenceUnitInfo      : No LoadTimeWeaver setup: ignoring JPA class transformer
2025-09-30T12:53:54.062+09:00  INFO 29496 --- [tbc] [           main] com.zaxxer.hikari.HikariDataSource       : HikariPool-1 - Starting...
2025-09-30T12:53:54.936+09:00  INFO 29496 --- [tbc] [           main] com.zaxxer.hikari.pool.HikariPool        : HikariPool-1 - Added connection com.mysql.cj.jdbc.ConnectionImpl@6f785a27
2025-09-30T12:53:54.938+09:00  INFO 29496 --- [tbc] [           main] com.zaxxer.hikari.HikariDataSource       : HikariPool-1 - Start completed.
2025-09-30T12:53:55.163+09:00  WARN 29496 --- [tbc] [           main] org.hibernate.orm.deprecation            : HHH90000025: MySQLDialect does not need to be specified explicitly using 'hibernate.dialect' (remove the property setting and it will be selected by default)
2025-09-30T12:53:55.172+09:00  INFO 29496 --- [tbc] [           main] org.hibernate.orm.connections.pooling    : HHH10001005: Database info:
	Database JDBC URL [Connecting through datasource 'HikariDataSource (HikariPool-1)']
	Database driver: undefined/unknown
	Database version: 8.0.43
	Autocommit mode: undefined/unknown
	Isolation level: undefined/unknown
	Minimum pool size: undefined/unknown
	Maximum pool size: undefined/unknown
2025-09-30T12:53:55.912+09:00  INFO 29496 --- [tbc] [           main] o.h.e.t.j.p.i.JtaPlatformInitiator       : HHH000489: No JTA platform available (set 'hibernate.transaction.jta.platform' to enable JTA platform integration)
2025-09-30T12:53:55.916+09:00  INFO 29496 --- [tbc] [           main] j.LocalContainerEntityManagerFactoryBean : Initialized JPA EntityManagerFactory for persistence unit 'default'
2025-09-30T12:53:56.157+09:00  INFO 29496 --- [tbc] [           main] o.s.d.j.r.query.QueryEnhancerFactory     : Hibernate is in classpath; If applicable, HQL parser will be used.
2025-09-30T12:53:57.768+09:00 DEBUG 29496 --- [tbc] [           main] o.s.w.s.s.s.WebSocketHandlerMapping      : Patterns [/ws/**, /chat/{roomId}/**] in 'stompWebSocketHandlerMapping'
2025-09-30T12:53:57.839+09:00 DEBUG 29496 --- [tbc] [           main] .WebSocketAnnotationMethodMessageHandler : 
	c.t.c.a.c.ChatStompController:
	{[MESSAGE],[/rooms/{roomId}/send]}: send(Long,ChatMessageDto)
2025-09-30T12:53:57.841+09:00 DEBUG 29496 --- [tbc] [           main] .WebSocketAnnotationMethodMessageHandler : 
	c.t.c.a.h.ChatHistoryController:
	
2025-09-30T12:53:57.841+09:00 DEBUG 29496 --- [tbc] [           main] .WebSocketAnnotationMethodMessageHandler : 
	c.t.e.w.c.EventController:
	
2025-09-30T12:53:57.841+09:00 DEBUG 29496 --- [tbc] [           main] .WebSocketAnnotationMethodMessageHandler : 
	c.t.g.a.h.GroupController:
	
2025-09-30T12:53:57.841+09:00 DEBUG 29496 --- [tbc] [           main] .WebSocketAnnotationMethodMessageHandler : 
	c.t.h.HealthController:
	
2025-09-30T12:53:57.841+09:00 DEBUG 29496 --- [tbc] [           main] .WebSocketAnnotationMethodMessageHandler : 
	c.t.l.a.i.c.AuthController:
	
2025-09-30T12:53:57.841+09:00 DEBUG 29496 --- [tbc] [           main] .WebSocketAnnotationMethodMessageHandler : 
	c.t.l.a.i.c.UserController:
	
2025-09-30T12:53:57.842+09:00 DEBUG 29496 --- [tbc] [           main] .WebSocketAnnotationMethodMessageHandler : 
	c.t.m.w.c.MainController:
	
2025-09-30T12:53:57.842+09:00 DEBUG 29496 --- [tbc] [           main] .WebSocketAnnotationMethodMessageHandler : 
	c.t.p.a.i.w.AdminReconcileController:
	
2025-09-30T12:53:57.842+09:00 DEBUG 29496 --- [tbc] [           main] .WebSocketAnnotationMethodMessageHandler : 
	c.t.p.a.i.w.DevWalletController:
	
2025-09-30T12:53:57.842+09:00 DEBUG 29496 --- [tbc] [           main] .WebSocketAnnotationMethodMessageHandler : 
	c.t.p.a.i.w.MonitoringController:
	
2025-09-30T12:53:57.842+09:00 DEBUG 29496 --- [tbc] [           main] .WebSocketAnnotationMethodMessageHandler : 
	c.t.p.a.i.w.PaymentController:
	
2025-09-30T12:53:57.842+09:00 DEBUG 29496 --- [tbc] [           main] .WebSocketAnnotationMethodMessageHandler : 
	c.t.p.a.i.w.RefundController:
	
2025-09-30T12:53:57.842+09:00 DEBUG 29496 --- [tbc] [           main] .WebSocketAnnotationMethodMessageHandler : 
	c.t.p.a.i.w.SettlementController:
	
2025-09-30T12:53:57.842+09:00 DEBUG 29496 --- [tbc] [           main] .WebSocketAnnotationMethodMessageHandler : 
	c.t.p.a.i.w.PaymentWebhookController:
	
2025-09-30T12:53:57.842+09:00 DEBUG 29496 --- [tbc] [           main] .WebSocketAnnotationMethodMessageHandler : 
	c.t.p.a.i.w.WebhookAdminController:
	
2025-09-30T12:53:57.842+09:00 DEBUG 29496 --- [tbc] [           main] .WebSocketAnnotationMethodMessageHandler : 
	c.t.p.a.i.w.MeetupCommandController:
	
2025-09-30T12:53:57.842+09:00 DEBUG 29496 --- [tbc] [           main] .WebSocketAnnotationMethodMessageHandler : 
	c.t.p.a.i.w.MeetupJoinController:
	
2025-09-30T12:53:57.842+09:00 DEBUG 29496 --- [tbc] [           main] .WebSocketAnnotationMethodMessageHandler : 
	c.t.p.a.i.w.MeetupQueryController:
	
2025-09-30T12:53:57.842+09:00 DEBUG 29496 --- [tbc] [           main] .WebSocketAnnotationMethodMessageHandler : 
	c.t.p.a.h.c.ProfileController:
	
2025-09-30T12:53:57.843+09:00 DEBUG 29496 --- [tbc] [           main] .WebSocketAnnotationMethodMessageHandler : 
	o.s.b.a.w.s.e.BasicErrorController:
	
2025-09-30T12:53:57.844+09:00 DEBUG 29496 --- [tbc] [           main] .WebSocketAnnotationMethodMessageHandler : 
	o.s.w.a.MultipleOpenApiWebMvcResource:
	
2025-09-30T12:53:57.847+09:00 DEBUG 29496 --- [tbc] [           main] .WebSocketAnnotationMethodMessageHandler : 
	o.s.w.a.OpenApiWebMvcResource:
	
2025-09-30T12:53:57.848+09:00 DEBUG 29496 --- [tbc] [           main] .WebSocketAnnotationMethodMessageHandler : 
	o.s.w.u.SwaggerWelcomeWebMvc:
	
2025-09-30T12:53:57.848+09:00 DEBUG 29496 --- [tbc] [           main] .WebSocketAnnotationMethodMessageHandler : 
	o.s.w.u.SwaggerConfigResource:
	
2025-09-30T12:53:57.882+09:00  WARN 29496 --- [tbc] [           main] .s.s.UserDetailsServiceAutoConfiguration : 

Using generated security password: 039a5d4b-22d1-4932-9a71-ebd4f4bcdb17

This generated password is for development use only. Your security configuration must be updated before running your application in production.

2025-09-30T12:53:57.887+09:00  INFO 29496 --- [tbc] [           main] r$InitializeUserDetailsManagerConfigurer : Global AuthenticationManager configured with UserDetailsService bean with name inMemoryUserDetailsManager
2025-09-30T12:53:58.030+09:00  INFO 29496 --- [tbc] [           main] o.s.b.a.e.web.EndpointLinksResolver      : Exposing 2 endpoints beneath base path '/actuator'
2025-09-30T12:53:58.577+09:00  INFO 29496 --- [tbc] [           main] o.s.m.s.b.SimpleBrokerMessageHandler     : Starting...
2025-09-30T12:53:58.577+09:00  INFO 29496 --- [tbc] [           main] o.s.m.s.b.SimpleBrokerMessageHandler     : BrokerAvailabilityEvent[available=true, SimpleBrokerMessageHandler [org.springframework.messaging.simp.broker.DefaultSubscriptionRegistry@4227a705]]
2025-09-30T12:53:58.578+09:00  INFO 29496 --- [tbc] [           main] o.s.m.s.b.SimpleBrokerMessageHandler     : Started.
2025-09-30T12:53:58.586+09:00  INFO 29496 --- [tbc] [           main] o.s.m.s.b.SimpleBrokerMessageHandler     : Stopping...
2025-09-30T12:53:58.587+09:00  INFO 29496 --- [tbc] [           main] o.s.m.s.b.SimpleBrokerMessageHandler     : BrokerAvailabilityEvent[available=false, SimpleBrokerMessageHandler [org.springframework.messaging.simp.broker.DefaultSubscriptionRegistry@4227a705]]
2025-09-30T12:53:58.587+09:00  INFO 29496 --- [tbc] [           main] o.s.m.s.b.SimpleBrokerMessageHandler     : Stopped.
2025-09-30T12:53:58.587+09:00  WARN 29496 --- [tbc] [           main] ConfigServletWebServerApplicationContext : Exception encountered during context initialization - cancelling refresh attempt: org.springframework.context.ApplicationContextException: Failed to start bean 'webServerStartStop'
2025-09-30T12:53:58.592+09:00  INFO 29496 --- [tbc] [           main] j.LocalContainerEntityManagerFactoryBean : Closing JPA EntityManagerFactory for persistence unit 'default'
2025-09-30T12:53:58.593+09:00  INFO 29496 --- [tbc] [           main] com.zaxxer.hikari.HikariDataSource       : HikariPool-1 - Shutdown initiated...
2025-09-30T12:53:59.365+09:00  INFO 29496 --- [tbc] [           main] com.zaxxer.hikari.HikariDataSource       : HikariPool-1 - Shutdown completed.
2025-09-30T12:53:59.394+09:00  INFO 29496 --- [tbc] [           main] .s.b.a.l.ConditionEvaluationReportLogger : 

Error starting ApplicationContext. To display the condition evaluation report re-run your application with 'debug' enabled.
2025-09-30T12:53:59.409+09:00 ERROR 29496 --- [tbc] [           main] o.s.b.d.LoggingFailureAnalysisReporter   : 

***************************
APPLICATION FAILED TO START
***************************

Description:

Web server failed to start. Port 8080 was already in use.

Action:

Identify and stop the process that's listening on port 8080 or configure this application to listen on another port.


> Task :bootRun FAILED

FAILURE: Build failed with an exception.

* What went wrong:
Execution failed for task ':bootRun'.
> Process 'command '/Library/Java/JavaVirtualMachines/jdk-21.jdk/Contents/Home/bin/java'' finished with non-zero exit value 1

* Try:
> Run with --stacktrace option to get the stack trace.
> Run with --info or --debug option to get more log output.
> Run with --scan to get full insights.
> Get more help at https://help.gradle.org.

BUILD FAILED in 13s
4 actionable tasks: 1 executed, 3 up-to-date
